// Jest Snapshot v1, https://goo.gl/fbAQLP

exports[`Loading indicator renders correctly 1`] = `
<div
  class="euiFlexGroup euiFlexGroup--gutterLarge euiFlexGroup--alignItemsCenter euiFlexGroup--justifyContentSpaceAround euiFlexGroup--directionRow euiFlexGroup--responsive"
>
  <div
    class="euiFlexItem euiFlexItem--flexGrowZero"
  >
    <span
      aria-label="Loading"
      class="euiLoadingSpinner css-lh9wx8-euiLoadingSpinner-l"
      role="progressbar"
    />
  </div>
</div>
`;
